
> movie-night-by-jmafk@0.0.0 build
> vite build

[36mvite v6.4.1 [32mbuilding for production...[36m[39m
transforming...
[32mΓ£ô[39m 1772 modules transformed.
rendering chunks...
node.exe : [33m[plugin 
vite:reporter] 
At C:\Program 
Files\nodejs\npm.ps1:29 
char:3
+   & $NODE_EXE $NPM_CLI_JS 
$args
+   
~~~~~~~~~~~~~~~~~~~~~~~~~~~~~
    + CategoryInfo           
   : NotSpecified: ([33m[p  
  lugin vite:reporter] :St   
 ring) [], RemoteExceptio    
n
    + FullyQualifiedErrorId  
   : NativeCommandError
 
(!) D:/Downloads/movie-night-
by-jmafk/node_modules/@capaci
tor/app/dist/esm/index.js is 
dynamically imported by D:/Do
wnloads/movie-night-by-jmafk/
components/Player.tsx but 
also statically imported by D
:/Downloads/movie-night-by-jm
afk/App.tsx, dynamic import 
will not move module into 
another chunk.
[39m
computing gzip size...
[2mdist/[22m[32mindex.html                 [39m[1m[2m  2.08 kB[22m[1m[22m[2m Γöé gzip:   0.92 kB[22m
[2mdist/[22m[35massets/index-CEEPvt4R.css  [39m[1m[2m  1.54 kB[22m[1m[22m[2m Γöé gzip:   0.54 kB[22m
[2mdist/[22m[36massets/index-cAaaju5o.js   [39m[1m[2m  0.27 kB[22m[1m[22m[2m Γöé gzip:   0.22 kB[22m
[2mdist/[22m[36massets/index-BTsU9ODb.js   [39m[1m[2m  0.33 kB[22m[1m[22m[2m Γöé gzip:   0.23 kB[22m
[2mdist/[22m[36massets/web-Cn8JF5lG.js     [39m[1m[2m  0.36 kB[22m[1m[22m[2m Γöé gzip:   0.25 kB[22m
[2mdist/[22m[36massets/index-BMxc5P8U.js   [39m[1m[2m  0.37 kB[22m[1m[22m[2m Γöé gzip:   0.24 kB[22m
[2mdist/[22m[36massets/index-3Csjlakz.js   [39m[1m[2m  0.55 kB[22m[1m[22m[2m Γöé gzip:   0.38 kB[22m
[2mdist/[22m[36massets/web-DkZnchBo.js     [39m[1m[2m  0.76 kB[22m[1m[22m[2m Γöé gzip:   0.35 kB[22m
[2mdist/[22m[36massets/web-BGmbQ6G0.js     [39m[1m[2m  1.00 kB[22m[1m[22m[2m Γöé gzip:   0.49 kB[22m
[2mdist/[22m[36massets/web-DR7b0uAq.js     [39m[1m[2m  1.06 kB[22m[1m[22m[2m Γöé gzip:   0.34 kB[22m
[33m
(!) Some chunks are larger 
than 500 kB after 
minification. Consider:
- Using dynamic import() to 
code-split the application
- Use build.rollupOptions.out
put.manualChunks to improve 
chunking: https://rollupjs.or
g/configuration-options/#outp
ut-manualchunks
- Adjust chunk size limit 
for this warning via build.ch
unkSizeWarningLimit.[39m
[2mdist/[22m[36massets/index-CPhwvjax.js   [39m[1m[33m978.84 kB[39m[22m[2m Γöé gzip: 247.18 kB[22m
[32mΓ£ô built in 6.19s[39m
