components/Player.tsx(143,53): error TS2339: Property 'mode' does not exist on type 'unknown'.
components/Player.tsx(478,25): error TS2339: Property 'setVolume' does not exist on type 'VolumeControlPlugin'.
